Archive member included to satisfy reference by file (symbol)

c:/program files (x86)/atmel/studio/7.0/toolchain/avr8/avr8-gnu-toolchain/bin/../lib/gcc/avr/5.4.0/../../../../avr/lib/avrxmega7\libm.a(addsf3.o)
                              TMP_36_Xmega.o (__addsf3)
c:/program files (x86)/atmel/studio/7.0/toolchain/avr8/avr8-gnu-toolchain/bin/../lib/gcc/avr/5.4.0/../../../../avr/lib/avrxmega7\libm.a(addsf3x.o)
                              c:/program files (x86)/atmel/studio/7.0/toolchain/avr8/avr8-gnu-toolchain/bin/../lib/gcc/avr/5.4.0/../../../../avr/lib/avrxmega7\libm.a(addsf3.o) (__addsf3x)
c:/program files (x86)/atmel/studio/7.0/toolchain/avr8/avr8-gnu-toolchain/bin/../lib/gcc/avr/5.4.0/../../../../avr/lib/avrxmega7\libm.a(fixunssfsi.o)
                              TMP_36_Xmega.o (__fixunssfsi)
c:/program files (x86)/atmel/studio/7.0/toolchain/avr8/avr8-gnu-toolchain/bin/../lib/gcc/avr/5.4.0/../../../../avr/lib/avrxmega7\libm.a(floatsisf.o)
                              TMP_36_Xmega.o (__floatunsisf)
c:/program files (x86)/atmel/studio/7.0/toolchain/avr8/avr8-gnu-toolchain/bin/../lib/gcc/avr/5.4.0/../../../../avr/lib/avrxmega7\libm.a(fp_inf.o)
                              c:/program files (x86)/atmel/studio/7.0/toolchain/avr8/avr8-gnu-toolchain/bin/../lib/gcc/avr/5.4.0/../../../../avr/lib/avrxmega7\libm.a(addsf3x.o) (__fp_inf)
c:/program files (x86)/atmel/studio/7.0/toolchain/avr8/avr8-gnu-toolchain/bin/../lib/gcc/avr/5.4.0/../../../../avr/lib/avrxmega7\libm.a(fp_nan.o)
                              c:/program files (x86)/atmel/studio/7.0/toolchain/avr8/avr8-gnu-toolchain/bin/../lib/gcc/avr/5.4.0/../../../../avr/lib/avrxmega7\libm.a(addsf3x.o) (__fp_nan)
c:/program files (x86)/atmel/studio/7.0/toolchain/avr8/avr8-gnu-toolchain/bin/../lib/gcc/avr/5.4.0/../../../../avr/lib/avrxmega7\libm.a(fp_pscA.o)
                              c:/program files (x86)/atmel/studio/7.0/toolchain/avr8/avr8-gnu-toolchain/bin/../lib/gcc/avr/5.4.0/../../../../avr/lib/avrxmega7\libm.a(addsf3x.o) (__fp_pscA)
c:/program files (x86)/atmel/studio/7.0/toolchain/avr8/avr8-gnu-toolchain/bin/../lib/gcc/avr/5.4.0/../../../../avr/lib/avrxmega7\libm.a(fp_pscB.o)
                              c:/program files (x86)/atmel/studio/7.0/toolchain/avr8/avr8-gnu-toolchain/bin/../lib/gcc/avr/5.4.0/../../../../avr/lib/avrxmega7\libm.a(addsf3x.o) (__fp_pscB)
c:/program files (x86)/atmel/studio/7.0/toolchain/avr8/avr8-gnu-toolchain/bin/../lib/gcc/avr/5.4.0/../../../../avr/lib/avrxmega7\libm.a(fp_round.o)
                              c:/program files (x86)/atmel/studio/7.0/toolchain/avr8/avr8-gnu-toolchain/bin/../lib/gcc/avr/5.4.0/../../../../avr/lib/avrxmega7\libm.a(addsf3.o) (__fp_round)
c:/program files (x86)/atmel/studio/7.0/toolchain/avr8/avr8-gnu-toolchain/bin/../lib/gcc/avr/5.4.0/../../../../avr/lib/avrxmega7\libm.a(fp_split3.o)
                              c:/program files (x86)/atmel/studio/7.0/toolchain/avr8/avr8-gnu-toolchain/bin/../lib/gcc/avr/5.4.0/../../../../avr/lib/avrxmega7\libm.a(addsf3x.o) (__fp_split3)
c:/program files (x86)/atmel/studio/7.0/toolchain/avr8/avr8-gnu-toolchain/bin/../lib/gcc/avr/5.4.0/../../../../avr/lib/avrxmega7\libm.a(fp_zero.o)
                              c:/program files (x86)/atmel/studio/7.0/toolchain/avr8/avr8-gnu-toolchain/bin/../lib/gcc/avr/5.4.0/../../../../avr/lib/avrxmega7\libm.a(addsf3x.o) (__fp_zero)
c:/program files (x86)/atmel/studio/7.0/toolchain/avr8/avr8-gnu-toolchain/bin/../lib/gcc/avr/5.4.0/../../../../avr/lib/avrxmega7\libm.a(mulsf3.o)
                              TMP_36_Xmega.o (__mulsf3)
c:/program files (x86)/atmel/studio/7.0/toolchain/avr8/avr8-gnu-toolchain/bin/../lib/gcc/avr/5.4.0/../../../../avr/lib/avrxmega7\libm.a(mulsf3x.o)
                              c:/program files (x86)/atmel/studio/7.0/toolchain/avr8/avr8-gnu-toolchain/bin/../lib/gcc/avr/5.4.0/../../../../avr/lib/avrxmega7\libm.a(mulsf3.o) (__mulsf3x)
c:/program files (x86)/atmel/studio/7.0/toolchain/avr8/avr8-gnu-toolchain/bin/../lib/gcc/avr/5.4.0/avrxmega7\libgcc.a(_udivmodsi4.o)
                              src/ASF/xmega/services/pwm/pwm.o (__udivmodsi4)
c:/program files (x86)/atmel/studio/7.0/toolchain/avr8/avr8-gnu-toolchain/bin/../lib/gcc/avr/5.4.0/avrxmega7\libgcc.a(_exit.o)
                              C:/Program Files (x86)/Atmel/Studio/7.0/Packs/atmel/XMEGAA_DFP/1.1.68/gcc/dev/atxmega128a4u/avrxmega7/crtatxmega128a4u.o (exit)
c:/program files (x86)/atmel/studio/7.0/toolchain/avr8/avr8-gnu-toolchain/bin/../lib/gcc/avr/5.4.0/avrxmega7\libgcc.a(_copy_data.o)
                              LiquidCrystal_I2C.o (__do_copy_data)
c:/program files (x86)/atmel/studio/7.0/toolchain/avr8/avr8-gnu-toolchain/bin/../lib/gcc/avr/5.4.0/avrxmega7\libgcc.a(_clear_bss.o)
                              LiquidCrystal_I2C.o (__do_clear_bss)
c:/program files (x86)/atmel/studio/7.0/toolchain/avr8/avr8-gnu-toolchain/bin/../lib/gcc/avr/5.4.0/avrxmega7\libgcc.a(_umulhisi3.o)
[...]
Memory Configuration

Name             Origin             Length             Attributes
text             0x00000000         0x00100000         xr
data             0x00802000         0x0000ffa0         rw !x
eeprom           0x00810000         0x00010000         rw !x
fuse             0x00820000         0x00000006         rw !x
lock             0x00830000         0x00000400         rw !x
signature        0x00840000         0x00000400         rw !x
user_signatures  0x00850000         0x00000400         rw !x
*default*        0x00000000         0xffffffff

Linker script and memory map

LOAD C:/Program Files (x86)/Atmel/Studio/7.0/Packs/atmel/XMEGAA_DFP/1.1.68/gcc/dev/atxmega128a4u/avrxmega7/crtatxmega128a4u.o
LOAD LiquidCrystal_I2C.o
LOAD main.o
LOAD Motors.o
LOAD src/ASF/xmega/drivers/twi/twim.o
LOAD TMP_36_Xmega.o
LOAD src/ASF/common/services/sleepmgr/xmega/sleepmgr.o
LOAD src/ASF/common/services/clock/xmega/sysclk.o
LOAD src/ASF/xmega/drivers/nvm/nvm.o
LOAD src/ASF/xmega/drivers/tc/tc.o
LOAD src/ASF/xmega/services/pwm/pwm.o
LOAD src/ASF/xmega/drivers/nvm/nvm_asm.o
LOAD src/ASF/xmega/drivers/cpu/ccp.o
LOAD src/ASF/common/boards/user_board/init.o
START GROUP
LOAD c:/program files (x86)/atmel/studio/7.0/toolchain/avr8/avr8-gnu-toolchain/bin/../lib/gcc/avr/5.4.0/../../../../avr/lib/avrxmega7\libm.a
END GROUP
LOAD c:/program files (x86)/atmel/studio/7.0/toolchain/avr8/avr8-gnu-toolchain/bin/../lib/gcc/avr/5.4.0/avrxmega7\libgcc.a
LOAD c:/program files (x86)/atmel/studio/7.0/toolchain/avr8/avr8-gnu-toolchain/bin/../lib/gcc/avr/5.4.0/../../../../avr/lib/avrxmega7\libm.a
START GROUP
LOAD c:/program files (x86)/atmel/studio/7.0/toolchain/avr8/avr8-gnu-toolchain/bin/../lib/gcc/avr/5.4.0/avrxmega7\libgcc.a
LOAD c:/program files (x86)/atmel/studio/7.0/toolchain/avr8/avr8-gnu-toolchain/bin/../lib/gcc/avr/5.4.0/../../../../avr/lib/avrxmega7\libm.a
LOAD c:/program files (x86)/atmel/studio/7.0/toolchain/avr8/avr8-gnu-toolchain/bin/../lib/gcc/avr/5.4.0/../../../../avr/lib/avrxmega7\libc.a
LOAD C:/Program Files (x86)/Atmel/Studio/7.0/Packs/atmel/XMEGAA_DFP/1.1.68/gcc/dev/atxmega128a4u/avrxmega7\libatxmega128a4u.a
END GROUP
                0x00000000                __TEXT_REGION_ORIGIN__ = DEFINED (__TEXT_REGION_ORIGIN__)?__TEXT_REGION_ORIGIN__:0x0
                0x00802000                __DATA_REGION_ORIGIN__ = DEFINED (__DATA_REGION_ORIGIN__)?__DATA_REGION_ORIGIN__:0x802000
                0x00100000                __TEXT_REGION_LENGTH__ = DEFINED (__TEXT_REGION_LENGTH__)?__TEXT_REGION_LENGTH__:0x100000
                0x0000ffa0                __DATA_REGION_LENGTH__ = DEFINED (__DATA_REGION_LENGTH__)?__DATA_REGION_LENGTH__:0xffa0
                0x00010000                __EEPROM_REGION_LENGTH__ = DEFINED (__EEPROM_REGION_LENGTH__)?__EEPROM_REGION_LENGTH__:0x10000
                [0x00000006]                __FUSE_REGION_LENGTH__ = DEFINED (__FUSE_REGION_LENGTH__)?__FUSE_REGION_LENGTH__:0x400
                0x00000400                __LOCK_REGION_LENGTH__ = DEFINED (__LOCK_REGION_LENGTH__)?__LOCK_REGION_LENGTH__:0x400
                0x00000400                __SIGNATURE_REGION_LENGTH__ = DEFINED (__SIGNATURE_REGION_LENGTH__)?__SIGNATURE_REGION_LENGTH__:0x400
                0x00000400                __USER_SIGNATURE_REGION_LENGTH__ = DEFINED (__USER_SIGNATURE_REGION_LENGTH__)?__USER_SIGNATURE_REGION_LENGTH__:0x400

.hash
 *(.hash)

.dynsym
 *(.dynsym)

.dynstr
 *(.dynstr)

.gnu.version
 *(.gnu.version)

.gnu.version_d
 *(.gnu.version_d)

.gnu.version_r
 *(.gnu.version_r)

.rel.init
 *(.rel.init)

.rela.init
 *(.rela.init)

.rel.text
 *(.rel.text)
 *(.rel.text.*)
 *(.rel.gnu.linkonce.t*)

.rela.text
 *(.rela.text)
 *(.rela.text.*)
 *(.rela.gnu.linkonce.t*)

.rel.fini
 *(.rel.fini)

.rela.fini
 *(.rela.fini)

.rel.rodata
 *(.rel.rodata)
 *(.rel.rodata.*)
 *(.rel.gnu.linkonce.r*)

.rela.rodata
 *(.rela.rodata)
 *(.rela.rodata.*)
 *(.rela.gnu.linkonce.r*)

.rel.data
 *(.rel.data)
 *(.rel.data.*)
 *(.rel.gnu.linkonce.d*)

.rela.data
 *(.rela.data)
 *(.rela.data.*)
 *(.rela.gnu.linkonce.d*)

.rel.ctors
 *(.rel.ctors)

.rela.ctors
 *(.rela.ctors)

.rel.dtors
 *(.rel.dtors)

.rela.dtors
 *(.rela.dtors)

.rel.got
 *(.rel.got)

.rela.got
 *(.rela.got)

.rel.bss
 *(.rel.bss)

.rela.bss
 *(.rela.bss)

.rel.plt
 *(.rel.plt)

.rela.plt
 *(.rela.plt)

.text           0x00000000     0x227a
 *(.vectors)
 .vectors       0x00000000      0x1fc C:/Program Files (x86)/Atmel/Studio/7.0/Packs/atmel/XMEGAA_DFP/1.1.68/gcc/dev/atxmega128a4u/avrxmega7/crtatxmega128a4u.o
                0x00000000                __vector_default
                0x00000000                __vectors
 *(.vectors)
 *(.progmem.gcc*)
                0x000001fc                . = ALIGN (0x2)
                0x000001fc                __trampolines_start = .
 *(.trampolines)
 .trampolines   0x000001fc        0x4 linker stubs
 *(.trampolines*)
                0x00000200                __trampolines_end = .
 *libprintf_flt.a:*(.progmem.data)
 *libc.a:*(.progmem.data)
 *(.progmem*)
                0x00000200                . = ALIGN (0x2)
 *(.jumptables)
 *(.jumptables*)
 *(.lowtext)
 *(.lowtext*)
                0x00000200                __ctors_start = .
 *(.ctors)
                0x00000200                __ctors_end = .
                0x00000200                __dtors_start = .
 *(.dtors)
                0x00000200                __dtors_end = .
 SORT(*)(.ctors)
 SORT(*)(.dtors)
 *(.init0)
 .init0         0x00000200        0x0 C:/Program Files (x86)/Atmel/Studio/7.0/Packs/atmel/XMEGAA_DFP/1.1.68/gcc/dev/atxmega128a4u/avrxmega7/crtatxmega128a4u.o
                0x00000200                __init
 *(.init0)
 *(.init1)
 *(.init1)
 *(.init2)
 .init2         0x00000200       0x18 C:/Program Files (x86)/Atmel/Studio/7.0/Packs/atmel/XMEGAA_DFP/1.1.68/gcc/dev/atxmega128a4u/avrxmega7/crtatxmega128a4u.o
 *(.init2)
 *(.init3)
 *(.init3)
 *(.init4)
 .init4         0x00000218       0x1c c:/program files (x86)/atmel/studio/7.0/toolchain/avr8/avr8-gnu-toolchain/bin/../lib/gcc/avr/5.4.0/avrxmega7\libgcc.a(_copy_data.o)
                0x00000218                __do_copy_data
 .init4         0x00000234       0x10 c:/program files (x86)/atmel/studio/7.0/toolchain/avr8/avr8-gnu-toolchain/bin/../lib/gcc/avr/5.4.0/avrxmega7\libgcc.a(_clear_bss.o)
                0x00000234                __do_clear_bss
 *(.init4)
 *(.init5)
 *(.init5)
 *(.init6)
 *(.init6)
 *(.init7)
 *(.init7)
 *(.init8)
 *(.init8)
 *(.init9)
 .init9         0x00000244        0x8 C:/Program Files (x86)/Atmel/Studio/7.0/Packs/atmel/XMEGAA_DFP/1.1.68/gcc/dev/atxmega128a4u/avrxmega7/crtatxmega128a4u.o
 *(.init9)
 *(.text)
 .text          0x0000024c        0x4 C:/Program Files (x86)/Atmel/Studio/7.0/Packs/atmel/XMEGAA_DFP/1.1.68/gcc/dev/atxmega128a4u/avrxmega7/crtatxmega128a4u.o
                0x0000024c                __vector_38
                0x0000024c                __vector_104
                0x0000024c                __vector_63
                0x0000024c                __vector_28
                0x0000024c                __vector_67
                0x0000024c                __vector_1
                0x0000024c                __vector_119
                0x0000024c                __vector_32
                0x0000024c                __vector_75
                0x0000024c                __vector_71
                0x0000024c                __vector_91
                0x0000024c                __vector_34
                0x0000024c                __vector_62
                0x0000024c                __vector_102
                0x0000024c                __vector_24
                0x0000024c                __vector_12
                0x0000024c                __vector_55
                0x0000024c                __vector_69
                0x0000024c                __vector_90
                0x0000024c                __bad_interrupt
                0x0000024c                __vector_122
                0x0000024c                __vector_72
                0x0000024c                __vector_114
                0x0000024c                __vector_6
                0x0000024c                __vector_110
                0x0000024c                __vector_31
                0x0000024c                __vector_92
                0x0000024c                __vector_35
                0x0000024c                __vector_74
                0x0000024c                __vector_117
                0x0000024c                __vector_39
                0x0000024c                __vector_107
                0x0000024c                __vector_3
                0x0000024c                __vector_105
                0x0000024c                __vector_98
                0x0000024c                __vector_68
                0x0000024c                __vector_30
                0x0000024c                __vector_73
                0x0000024c                __vector_45
                0x0000024c                __vector_25
                0x0000024c                __vector_93
                0x0000024c                __vector_61
                0x0000024c                __vector_11
                0x0000024c                __vector_54
                0x0000024c                __vector_99
                0x0000024c                __vector_56
                0x0000024c                __vector_7
                0x0000024c                __vector_125
                0x0000024c                __vector_123
                0x0000024c                __vector_41
                0x0000024c                __vector_100
                0x0000024c                __vector_101
                0x0000024c                __vector_64
                0x0000024c                __vector_88
                0x0000024c                __vector_109
                0x0000024c                __vector_43
                0x0000024c                __vector_27
                0x0000024c                __vector_5
                0x0000024c                __vector_113
                0x0000024c                __vector_33
                0x0000024c                __vector_76
                0x0000024c                __vector_115
                0x0000024c                __vector_37
                0x0000024c                __vector_95
                0x0000024c                __vector_103
                0x0000024c                __vector_96
                0x0000024c                __vector_89
                0x0000024c                __vector_108
                0x0000024c                __vector_4
                0x0000024c                __vector_44
                0x0000024c                __vector_106
                0x0000024c                __vector_118
                0x0000024c                __vector_9
                0x0000024c                __vector_2
                0x0000024c                __vector_66
                0x0000024c                __vector_36
                0x0000024c                __vector_58
                0x0000024c                __vector_70
                0x0000024c                __vector_29
                0x0000024c                __vector_60
                0x0000024c                __vector_121
                0x0000024c                __vector_40
                0x0000024c                __vector_94
                0x0000024c                __vector_126
                0x0000024c                __vector_8
                0x0000024c                __vector_26
                0x0000024c                __vector_124
                0x0000024c                __vector_116
                0x0000024c                __vector_112
                0x0000024c                __vector_111
                0x0000024c                __vector_57
                0x0000024c                __vector_53
                0x0000024c                __vector_10
                0x0000024c                __vector_59
                0x0000024c                __vector_97
                0x0000024c                __vector_42
                0x0000024c                __vector_87
                0x0000024c                __vector_65
                0x0000024c                __vector_120
                0x00000250                . = ALIGN (0x2)
 *(.text.*)
 .text._ZN17LiquidCrystal_I2CC2Ehhhh
                0x00000250       0x1c LiquidCrystal_I2C.o
                0x00000250                _ZN17LiquidCrystal_I2CC2Ehhhh
                0x00000250                _ZN17LiquidCrystal_I2CC1Ehhhh
 .text._ZN17LiquidCrystal_I2C12printMessageEPch
                0x0000026c       0x56 LiquidCrystal_I2C.o
                0x0000026c                _ZN17LiquidCrystal_I2C12printMessageEPch
 .text._ZN17LiquidCrystal_I2C13expanderWriteEh
                0x000002c2       0x50 LiquidCrystal_I2C.o
                0x000002c2                _ZN17LiquidCrystal_I2C13expanderWriteEh
 .text._ZN17LiquidCrystal_I2C11noBacklightEv
                0x00000312        0xc LiquidCrystal_I2C.o
                0x00000312                _ZN17LiquidCrystal_I2C11noBacklightEv
 .text._ZN17LiquidCrystal_I2C9backlightEv
                0x0000031e        0xe LiquidCrystal_I2C.o
                0x0000031e                _ZN17LiquidCrystal_I2C9backlightEv
 .text._ZN17LiquidCrystal_I2C11pulseEnableEh
                0x0000032c       0x2c LiquidCrystal_I2C.o
                0x0000032c                _ZN17LiquidCrystal_I2C11pulseEnableEh
 .text._ZN17LiquidCrystal_I2C10write4bitsEh
                0x00000358       0x1e LiquidCrystal_I2C.o
                0x00000358                _ZN17LiquidCrystal_I2C10write4bitsEh
 .text._ZN17LiquidCrystal_I2C4sendEhh
                0x00000376       0x30 LiquidCrystal_I2C.o
                0x00000376                _ZN17LiquidCrystal_I2C4sendEhh
 .text._ZN17LiquidCrystal_I2C5clearEv
                0x000003a6       0x16 LiquidCrystal_I2C.o
                0x000003a6                _ZN17LiquidCrystal_I2C5clearEv
 .text._ZN17LiquidCrystal_I2C4homeEv
                0x000003bc       0x16 LiquidCrystal_I2C.o
                0x000003bc                _ZN17LiquidCrystal_I2C4homeEv
 .text._ZN17LiquidCrystal_I2C9setCursorEhh
                0x000003d2       0x54 LiquidCrystal_I2C.o
                0x000003d2                _ZN17LiquidCrystal_I2C9setCursorEhh
 .text._ZN17LiquidCrystal_I2C9printTempEv
                0x00000426      0x146 LiquidCrystal_I2C.o
                0x00000426                _ZN17LiquidCrystal_I2C9printTempEv
 .text._ZN17LiquidCrystal_I2C7displayEv
                0x0000056c       0x14 LiquidCrystal_I2C.o
                0x0000056c                _ZN17LiquidCrystal_I2C7displayEv
 .text._ZN17LiquidCrystal_I2C5writeEh
                0x00000580        0xa LiquidCrystal_I2C.o
                0x00000580                _ZN17LiquidCrystal_I2C5writeEh
 .text._ZN17LiquidCrystal_I2C5beginEv
                0x0000058a       0xfa LiquidCrystal_I2C.o
                0x0000058a                _ZN17LiquidCrystal_I2C5beginEv
 .text._ZN17LiquidCrystal_I2C12setBacklightEh
                0x00000684       0x10 LiquidCrystal_I2C.o
                0x00000684                _ZN17LiquidCrystal_I2C12setBacklightEh
 .text.main     0x00000694      0x266 main.o
                0x00000694                main
 .text._Z8Lid_Initv
                0x000008fa       0x16 Motors.o
                0x000008fa                _Z8Lid_Initv
 .text._Z10Lid_Rotatev
                0x00000910       0x4a Motors.o
                0x00000910                _Z10Lid_Rotatev
 .text._Z8Lid_Stopv
                0x0000095a       0x52 Motors.o
                0x0000095a                _Z8Lid_Stopv
 .text._Z11Roller_Initv
                0x000009ac       0x16 Motors.o
                0x000009ac                _Z11Roller_Initv
 .text._Z13Roller_Rotatev
                0x000009c2       0x4a Motors.o
                0x000009c2                _Z13Roller_Rotatev
 .text._Z11Roller_Stopv
                0x00000a0c       0x52 Motors.o
                0x00000a0c                _Z11Roller_Stopv
 .text.twim_interrupt_handler
                0x00000a5e      0x12e src/ASF/xmega/drivers/twi/twim.o
 .text.__vector_13
                0x00000b8c       0x66 src/ASF/xmega/drivers/twi/twim.o
                0x00000b8c                __vector_13
 .text.__vector_46
                0x00000bf2       0x66 src/ASF/xmega/drivers/twi/twim.o
                0x00000bf2                __vector_46
 .text.twi_master_init
                0x00000c58       0x2a src/ASF/xmega/drivers/twi/twim.o
                0x00000c58                twi_master_init
 .text.twi_master_transfer
                0x00000c82       0xea src/ASF/xmega/drivers/twi/twim.o
                0x00000c82                twi_master_transfer
 .text._Z17ReadSignatureBytei
                0x00000d6c       0x10 TMP_36_Xmega.o
                0x00000d6c                _Z17ReadSignatureBytei
 .text._Z7ReadADCaa
                0x00000d7c       0x86 TMP_36_Xmega.o
                0x00000d7c                _Z7ReadADCaa
 .text._Z8readTempv
                0x00000e02       0x56 TMP_36_Xmega.o
                0x00000e02                _Z8readTempv
 .text.sysclk_enable_module
                0x00000e58       0x2c src/ASF/common/services/clock/xmega/sysclk.o
                0x00000e58                sysclk_enable_module
 .text.sysclk_disable_module
                0x00000e84       0x2a src/ASF/common/services/clock/xmega/sysclk.o
                0x00000e84                sysclk_disable_module
 .text.__vector_14
                0x00000eae       0x70 src/ASF/xmega/drivers/tc/tc.o
                0x00000eae                __vector_14
 .text.__vector_15
                0x00000f1e       0x70 src/ASF/xmega/drivers/tc/tc.o
                0x00000f1e                __vector_15
 .text.__vector_16
                0x00000f8e       0x70 src/ASF/xmega/drivers/tc/tc.o
                0x00000f8e                __vector_16
 .text.__vector_17
                0x00000ffe       0x70 src/ASF/xmega/drivers/tc/tc.o
                0x00000ffe                __vector_17
 .text.__vector_18
                0x0000106e       0x70 src/ASF/xmega/drivers/tc/tc.o
                0x0000106e                __vector_18
 .text.__vector_19
                0x000010de       0x70 src/ASF/xmega/drivers/tc/tc.o
                0x000010de                __vector_19
 .text.__vector_20
                0x0000114e       0x70 src/ASF/xmega/drivers/tc/tc.o
                0x0000114e                __vector_20
 .text.__vector_21
                0x000011be       0x70 src/ASF/xmega/drivers/tc/tc.o
                0x000011be                __vector_21
 .text.__vector_22
                0x0000122e       0x70 src/ASF/xmega/drivers/tc/tc.o
                0x0000122e                __vector_22
 .text.__vector_23
                0x0000129e       0x70 src/ASF/xmega/drivers/tc/tc.o
                0x0000129e                __vector_23
 .text.__vector_77
                0x0000130e       0x70 src/ASF/xmega/drivers/tc/tc.o
                0x0000130e                __vector_77
 .text.__vector_78
                0x0000137e       0x70 src/ASF/xmega/drivers/tc/tc.o
                0x0000137e                __vector_78
 .text.__vector_79
                0x000013ee       0x70 src/ASF/xmega/drivers/tc/tc.o
                0x000013ee                __vector_79
 .text.__vector_80
                0x0000145e       0x70 src/ASF/xmega/drivers/tc/tc.o
                0x0000145e                __vector_80
 .text.__vector_81
                0x000014ce       0x70 src/ASF/xmega/drivers/tc/tc.o
                0x000014ce                __vector_81
 .text.__vector_82
                0x0000153e       0x70 src/ASF/xmega/drivers/tc/tc.o
                0x0000153e                __vector_82
 .text.__vector_83
                0x000015ae       0x70 src/ASF/xmega/drivers/tc/tc.o
                0x000015ae                __vector_83
 .text.__vector_84
                0x0000161e       0x70 src/ASF/xmega/drivers/tc/tc.o
                0x0000161e                __vector_84
 .text.__vector_85
                0x0000168e       0x70 src/ASF/xmega/drivers/tc/tc.o
                0x0000168e                __vector_85
 .text.__vector_86
                0x000016fe       0x70 src/ASF/xmega/drivers/tc/tc.o
                0x000016fe                __vector_86
 .text.__vector_47
                0x0000176e       0x70 src/ASF/xmega/drivers/tc/tc.o
                0x0000176e                __vector_47
 .text.__vector_48
                0x000017de       0x70 src/ASF/xmega/drivers/tc/tc.o
                0x000017de                __vector_48
 .text.__vector_49
                0x0000184e       0x70 src/ASF/xmega/drivers/tc/tc.o
                0x0000184e                __vector_49
 .text.__vector_50
                0x000018be       0x70 src/ASF/xmega/drivers/tc/tc.o
                0x000018be                __vector_50
 .text.__vector_51
                0x0000192e       0x70 src/ASF/xmega/drivers/tc/tc.o
                0x0000192e                __vector_51
 .text.__vector_52
                0x0000199e       0x70 src/ASF/xmega/drivers/tc/tc.o
                0x0000199e                __vector_52
 .text.tc_enable
                0x00001a0e       0xca src/ASF/xmega/drivers/tc/tc.o
                0x00001a0e                tc_enable
 .text.tc_disable
                0x00001ad8       0xce src/ASF/xmega/drivers/tc/tc.o
                0x00001ad8                tc_disable
 .text.pwm_set_frequency
                0x00001ba6       0xd8 src/ASF/xmega/services/pwm/pwm.o
                0x00001ba6                pwm_set_frequency
 .text.pwm_init
                0x00001c7e      0x148 src/ASF/xmega/services/pwm/pwm.o
                0x00001c7e                pwm_init
 .text.pwm_start
                0x00001dc6       0xa8 src/ASF/xmega/services/pwm/pwm.o
                0x00001dc6                pwm_start
 .text.avr-libc.fplib
                0x00001e6e        0xe c:/program files (x86)/atmel/studio/7.0/toolchain/avr8/avr8-gnu-toolchain/bin/../lib/gcc/avr/5.4.0/../../../../avr/lib/avrxmega7\libm.a(addsf3.o)
                0x00001e6e                __subsf3
                0x00001e70                __addsf3
 .text.avr-libc.fplib
                0x00001e7c       0xcc c:/program files (x86)/atmel/studio/7.0/toolchain/avr8/avr8-gnu-toolchain/bin/../lib/gcc/avr/5.4.0/../../../../avr/lib/avrxmega7\libm.a(addsf3x.o)
                0x00001e9e                __addsf3x
 .text.avr-libc.fplib
                0x00001f48       0x5e c:/program files (x86)/atmel/studio/7.0/toolchain/avr8/avr8-gnu-toolchain/bin/../lib/gcc/avr/5.4.0/../../../../avr/lib/avrxmega7\libm.a(fixunssfsi.o)
                0x00001f48                __fixunssfsi
 .text.avr-libc.fplib
                0x00001fa6       0x7a c:/program files (x86)/atmel/studio/7.0/toolchain/avr8/avr8-gnu-toolchain/bin/../lib/gcc/avr/5.4.0/../../../../avr/lib/avrxmega7\libm.a(floatsisf.o)
                0x00001fa6                __floatunsisf
                0x00001faa                __floatsisf
 .text.avr-libc.fplib
                0x00002020        0xc c:/program files (x86)/atmel/studio/7.0/toolchain/avr8/avr8-gnu-toolchain/bin/../lib/gcc/avr/5.4.0/../../../../avr/lib/avrxmega7\libm.a(fp_inf.o)
                0x00002020                __fp_inf
 .text.avr-libc.fplib
                0x0000202c        0x6 c:/program files (x86)/atmel/studio/7.0/toolchain/avr8/avr8-gnu-toolchain/bin/../lib/gcc/avr/5.4.0/../../../../avr/lib/avrxmega7\libm.a(fp_nan.o)
                0x0000202c                __fp_nan
 .text.avr-libc.fplib
                0x00002032        0xe c:/program files (x86)/atmel/studio/7.0/toolchain/avr8/avr8-gnu-toolchain/bin/../lib/gcc/avr/5.4.0/../../../../avr/lib/avrxmega7\libm.a(fp_pscA.o)
                0x00002032                __fp_pscA
 .text.avr-libc.fplib
                0x00002040        0xe c:/program files (x86)/atmel/studio/7.0/toolchain/avr8/avr8-gnu-toolchain/bin/../lib/gcc/avr/5.4.0/../../../../avr/lib/avrxmega7\libm.a(fp_pscB.o)
                0x00002040                __fp_pscB
 .text.avr-libc.fplib
                0x0000204e       0x22 c:/program files (x86)/atmel/studio/7.0/toolchain/avr8/avr8-gnu-toolchain/bin/../lib/gcc/avr/5.4.0/../../../../avr/lib/avrxmega7\libm.a(fp_round.o)
                0x0000204e                __fp_round
 .text.avr-libc.fplib
                0x00002070       0x44 c:/program files (x86)/atmel/studio/7.0/toolchain/avr8/avr8-gnu-toolchain/bin/../lib/gcc/avr/5.4.0/../../../../avr/lib/avrxmega7\libm.a(fp_split3.o)
                0x00002070                __fp_split3
                0x00002080                __fp_splitA
 .text.avr-libc.fplib
                0x000020b4        0xe c:/program files (x86)/atmel/studio/7.0/toolchain/avr8/avr8-gnu-toolchain/bin/../lib/gcc/avr/5.4.0/../../../../avr/lib/avrxmega7\libm.a(fp_zero.o)
                0x000020b4                __fp_zero
                0x000020b6                __fp_szero
 .text.avr-libc.fplib
                0x000020c2        0x8 c:/program files (x86)/atmel/studio/7.0/toolchain/avr8/avr8-gnu-toolchain/bin/../lib/gcc/avr/5.4.0/../../../../avr/lib/avrxmega7\libm.a(mulsf3.o)
                0x000020c2                __mulsf3
 .text.avr-libc.fplib
                0x000020ca       0xd2 c:/program files (x86)/atmel/studio/7.0/toolchain/avr8/avr8-gnu-toolchain/bin/../lib/gcc/avr/5.4.0/../../../../avr/lib/avrxmega7\libm.a(mulsf3x.o)
                0x000020e8                __mulsf3x
                0x000020ee                __mulsf3_pse
 .text.libgcc.div
                0x0000219c       0x44 c:/program files (x86)/atmel/studio/7.0/toolchain/avr8/avr8-gnu-toolchain/bin/../lib/gcc/avr/5.4.0/avrxmega7\libgcc.a(_udivmodsi4.o)
                0x0000219c                __udivmodsi4
 .text.libgcc.mul
                0x000021e0       0x1e c:/program files (x86)/atmel/studio/7.0/toolchain/avr8/avr8-gnu-toolchain/bin/../lib/gcc/avr/5.4.0/avrxmega7\libgcc.a(_umulhisi3.o)
                0x000021e0                __umulhisi3
 .text.libgcc.mul
                0x000021fe        0xe c:/program files (x86)/atmel/studio/7.0/toolchain/avr8/avr8-gnu-toolchain/bin/../lib/gcc/avr/5.4.0/avrxmega7\libgcc.a(_usmulhisi3.o)
                0x000021fe                __usmulhisi3
                0x00002202                __usmulhisi3_tail
 .text.avr-libc
                0x0000220c       0x16 c:/program files (x86)/atmel/studio/7.0/toolchain/avr8/avr8-gnu-toolchain/bin/../lib/gcc/avr/5.4.0/../../../../avr/lib/avrxmega7\libc.a(itoa_ncheck.o)
                0x0000220c                __itoa_ncheck
 .text.avr-libc
                0x00002222       0x34 c:/program files (x86)/atmel/studio/7.0/toolchain/avr8/avr8-gnu-toolchain/bin/../lib/gcc/avr/5.4.0/../../../../avr/lib/avrxmega7\libc.a(utoa_ncheck.o)
                0x00002222                __utoa_ncheck
                0x00002224                __utoa_common
 .text.avr-libc
                0x00002256       0x20 c:/program files (x86)/atmel/studio/7.0/toolchain/avr8/avr8-gnu-toolchain/bin/../lib/gcc/avr/5.4.0/../../../../avr/lib/avrxmega7\libc.a(strrev.o)
                0x00002256                strrev
                0x00002276                . = ALIGN (0x2)
 *(.fini9)
 .fini9         0x00002276        0x0 c:/program files (x86)/atmel/studio/7.0/toolchain/avr8/avr8-gnu-toolchain/bin/../lib/gcc/avr/5.4.0/avrxmega7\libgcc.a(_exit.o)
                0x00002276                _exit
                0x00002276                exit
 *(.fini9)
 *(.fini8)
 *(.fini8)
 *(.fini7)
 *(.fini7)
 *(.fini6)
 *(.fini6)
 *(.fini5)
 *(.fini5)
 *(.fini4)
 *(.fini4)
 *(.fini3)
 *(.fini3)
 *(.fini2)
 *(.fini2)
 *(.fini1)
 *(.fini1)
 *(.fini0)
 .fini0         0x00002276        0x4 c:/program files (x86)/atmel/studio/7.0/toolchain/avr8/avr8-gnu-toolchain/bin/../lib/gcc/avr/5.4.0/avrxmega7\libgcc.a(_exit.o)
 *(.fini0)
                0x0000227a                _etext = .

.data           0x00802000       0x30 load address 0x0000227a
                0x00802000                PROVIDE (__data_start, .)
 *(.data)
 *(.data*)
 *(.gnu.linkonce.d*)
 *(.rodata)
 .rodata        0x00802000        0x8 LiquidCrystal_I2C.o
 *(.rodata*)
 .rodata.str1.1
                0x00802008        0xc LiquidCrystal_I2C.o
 .rodata._ZTV17LiquidCrystal_I2C
                0x00802014        0x6 LiquidCrystal_I2C.o
                0x00802014                _ZTV17LiquidCrystal_I2C
 .rodata.str1.1
                0x0080201a       0x15 main.o
 *(.gnu.linkonce.r*)
                0x00802030                . = ALIGN (0x2)
 *fill*         0x0080202f        0x1 
                0x00802030                _edata = .
                0x00802030                PROVIDE (__data_end, .)

.bss            0x00802030       0x4e
                0x00802030                PROVIDE (__bss_start, .)
 *(.bss)
 *(.bss*)
 .bss.opt       0x00802030        0x9 LiquidCrystal_I2C.o
                0x00802030                opt
 .bss.transfer  0x00802039        0xb src/ASF/xmega/drivers/twi/twim.o
 .bss.tc_tce0_ccd_callback
                0x00802044        0x2 src/ASF/xmega/drivers/tc/tc.o
 .bss.tc_tce0_ccc_callback
                0x00802046        0x2 src/ASF/xmega/drivers/tc/tc.o
 .bss.tc_tce0_ccb_callback
                0x00802048        0x2 src/ASF/xmega/drivers/tc/tc.o
 .bss.tc_tce0_cca_callback
                0x0080204a        0x2 src/ASF/xmega/drivers/tc/tc.o
 .bss.tc_tce0_err_callback
                0x0080204c        0x2 src/ASF/xmega/drivers/tc/tc.o
 .bss.tc_tce0_ovf_callback
                0x0080204e        0x2 src/ASF/xmega/drivers/tc/tc.o
 .bss.tc_tcd1_ccb_callback
                0x00802050        0x2 src/ASF/xmega/drivers/tc/tc.o
 .bss.tc_tcd1_cca_callback
                0x00802052        0x2 src/ASF/xmega/drivers/tc/tc.o
 .bss.tc_tcd1_err_callback
                0x00802054        0x2 src/ASF/xmega/drivers/tc/tc.o
 .bss.tc_tcd1_ovf_callback
                0x00802056        0x2 src/ASF/xmega/drivers/tc/tc.o
 .bss.tc_tcd0_ccd_callback
                0x00802058        0x2 src/ASF/xmega/drivers/tc/tc.o
 .bss.tc_tcd0_ccc_callback
                0x0080205a        0x2 src/ASF/xmega/drivers/tc/tc.o
 .bss.tc_tcd0_ccb_callback
                0x0080205c        0x2 src/ASF/xmega/drivers/tc/tc.o
 .bss.tc_tcd0_cca_callback
                0x0080205e        0x2 src/ASF/xmega/drivers/tc/tc.o
 .bss.tc_tcd0_err_callback
                0x00802060        0x2 src/ASF/xmega/drivers/tc/tc.o
 .bss.tc_tcd0_ovf_callback
                0x00802062        0x2 src/ASF/xmega/drivers/tc/tc.o
 .bss.tc_tcc1_ccb_callback
                0x00802064        0x2 src/ASF/xmega/drivers/tc/tc.o
 .bss.tc_tcc1_cca_callback
                0x00802066        0x2 src/ASF/xmega/drivers/tc/tc.o
 .bss.tc_tcc1_err_callback
                0x00802068        0x2 src/ASF/xmega/drivers/tc/tc.o
 .bss.tc_tcc1_ovf_callback
                0x0080206a        0x2 src/ASF/xmega/drivers/tc/tc.o
 .bss.tc_tcc0_ccd_callback
                0x0080206c        0x2 src/ASF/xmega/drivers/tc/tc.o
 .bss.tc_tcc0_ccc_callback
                0x0080206e        0x2 src/ASF/xmega/drivers/tc/tc.o
 .bss.tc_tcc0_ccb_callback
                0x00802070        0x2 src/ASF/xmega/drivers/tc/tc.o
 .bss.tc_tcc0_cca_callback
                0x00802072        0x2 src/ASF/xmega/drivers/tc/tc.o
 .bss.tc_tcc0_err_callback
                0x00802074        0x2 src/ASF/xmega/drivers/tc/tc.o
 .bss.tc_tcc0_ovf_callback
                0x00802076        0x2 src/ASF/xmega/drivers/tc/tc.o
 *(COMMON)
 COMMON         0x00802078        0x6 src/ASF/common/services/sleepmgr/xmega/sleepmgr.o
                0x00802078                sleepmgr_locks
                0x0080207e                PROVIDE (__bss_end, .)
                0x0000227a                __data_load_start = LOADADDR (.data)
                0x000022aa                __data_load_end = (__data_load_start + SIZEOF (.data))

.noinit         0x0080207e        0x0
                [!provide]                PROVIDE (__noinit_start, .)
 *(.noinit*)
                [!provide]                PROVIDE (__noinit_end, .)
                0x0080207e                _end = .
                [!provide]                PROVIDE (__heap_start, .)

.eeprom         0x00810000        0x0
 *(.eeprom*)
                0x00810000                __eeprom_end = .

.fuse
 *(.fuse)
 *(.lfuse)
 *(.hfuse)
 *(.efuse)

.lock
 *(.lock*)

.signature
 *(.signature*)

.user_signatures
 *(.user_signatures*)

.stab
 *(.stab)

.stabstr
 *(.stabstr)

.stab.excl
 *(.stab.excl)

.stab.exclstr
 *(.stab.exclstr)

.stab.index
 *(.stab.index)

.stab.indexstr
 *(.stab.indexstr)

.comment        0x00000000       0x30
 *(.comment)
 .comment       0x00000000       0x30 LiquidCrystal_I2C.o
                                 0x31 (size before relaxing)
 .comment       0x00000030       0x31 main.o
 .comment       0x00000030       0x31 Motors.o
 .comment       0x00000030       0x31 src/ASF/xmega/drivers/twi/twim.o
 .comment       0x00000030       0x31 TMP_36_Xmega.o
 .comment       0x00000030       0x31 src/ASF/common/services/sleepmgr/xmega/sleepmgr.o
 .comment       0x00000030       0x31 src/ASF/common/services/clock/xmega/sysclk.o
 .comment       0x00000030       0x31 src/ASF/xmega/drivers/tc/tc.o
 .comment       0x00000030       0x31 src/ASF/xmega/services/pwm/pwm.o

.note.gnu.avr.deviceinfo
                0x00000000       0x40
 .note.gnu.avr.deviceinfo
                0x00000000       0x40 C:/Program Files (x86)/Atmel/Studio/7.0/Packs/atmel/XMEGAA_DFP/1.1.68/gcc/dev/atxmega128a4u/avrxmega7/crtatxmega128a4u.o

.note.gnu.build-id
 *(.note.gnu.build-id)

.debug
 *(.debug)

.line
 *(.line)

.debug_srcinfo
 *(.debug_srcinfo)

.debug_sfnames
 *(.debug_sfnames)

.debug_aranges  0x00000000      0x390
 *(.debug_aranges)
 .debug_aranges
                0x00000000      0x108 LiquidCrystal_I2C.o
 .debug_aranges
                0x00000108       0x20 main.o
 .debug_aranges
                0x00000128       0x48 Motors.o
 .debug_aranges
                0x00000170       0x40 src/ASF/xmega/drivers/twi/twim.o
 .debug_aranges
                0x000001b0       0x30 TMP_36_Xmega.o
 .debug_aranges
                0x000001e0       0x18 src/ASF/common/services/sleepmgr/xmega/sleepmgr.o
 .debug_aranges
                0x000001f8       0x40 src/ASF/common/services/clock/xmega/sysclk.o
 .debug_aranges
                0x00000238      0x128 src/ASF/xmega/drivers/tc/tc.o
 .debug_aranges
                0x00000360       0x30 src/ASF/xmega/services/pwm/pwm.o

.debug_pubnames
 *(.debug_pubnames)

.debug_info     0x00000000     0x9cbd
 *(.debug_info .gnu.linkonce.wi.*)
 .debug_info    0x00000000     0x284f C:/Program Files (x86)/Atmel/Studio/7.0/Packs/atmel/XMEGAA_DFP/1.1.68/gcc/dev/atxmega128a4u/avrxmega7/crtatxmega128a4u.o
 .debug_info    0x0000284f     0x1dd5 LiquidCrystal_I2C.o
 .debug_info    0x00004624      0x7a4 main.o
 .debug_info    0x00004dc8      0xba9 Motors.o
 .debug_info    0x00005971      0x91d src/ASF/xmega/drivers/twi/twim.o
 .debug_info    0x0000628e      0x793 TMP_36_Xmega.o
 .debug_info    0x00006a21      0x129 src/ASF/common/services/sleepmgr/xmega/sleepmgr.o
 .debug_info    0x00006b4a      0x711 src/ASF/common/services/clock/xmega/sysclk.o
 .debug_info    0x0000725b     0x16da src/ASF/xmega/drivers/tc/tc.o
 .debug_info    0x00008935     0x1388 src/ASF/xmega/services/pwm/pwm.o

.debug_abbrev   0x00000000     0x3b7a
 *(.debug_abbrev)
 .debug_abbrev  0x00000000     0x262c C:/Program Files (x86)/Atmel/Studio/7.0/Packs/atmel/XMEGAA_DFP/1.1.68/gcc/dev/atxmega128a4u/avrxmega7/crtatxmega128a4u.o
 .debug_abbrev  0x0000262c      0x4b8 LiquidCrystal_I2C.o
 .debug_abbrev  0x00002ae4      0x1e5 main.o
 .debug_abbrev  0x00002cc9      0x22d Motors.o
 .debug_abbrev  0x00002ef6      0x2f8 src/ASF/xmega/drivers/twi/twim.o
 .debug_abbrev  0x000031ee      0x1dd TMP_36_Xmega.o
 .debug_abbrev  0x000033cb       0x84 src/ASF/common/services/sleepmgr/xmega/sleepmgr.o
 .debug_abbrev  0x0000344f      0x218 src/ASF/common/services/clock/xmega/sysclk.o
 .debug_abbrev  0x00003667      0x29b src/ASF/xmega/drivers/tc/tc.o
 .debug_abbrev  0x00003902      0x278 src/ASF/xmega/services/pwm/pwm.o

.debug_line     0x00000000     0x39ac
 *(.debug_line .debug_line.* .debug_line_end)
 .debug_line    0x00000000      0x3b5 C:/Program Files (x86)/Atmel/Studio/7.0/Packs/atmel/XMEGAA_DFP/1.1.68/gcc/dev/atxmega128a4u/avrxmega7/crtatxmega128a4u.o
 .debug_line    0x000003b5      0x782 LiquidCrystal_I2C.o
 .debug_line    0x00000b37      0x381 main.o
 .debug_line    0x00000eb8      0x2e9 Motors.o
 .debug_line    0x000011a1      0x643 src/ASF/xmega/drivers/twi/twim.o
 .debug_line    0x000017e4      0x1ce TMP_36_Xmega.o
 .debug_line    0x000019b2      0x456 src/ASF/common/services/sleepmgr/xmega/sleepmgr.o
 .debug_line    0x00001e08      0x62e src/ASF/common/services/clock/xmega/sysclk.o
 .debug_line    0x00002436      0xcb2 src/ASF/xmega/drivers/tc/tc.o
 .debug_line    0x000030e8      0x8c4 src/ASF/xmega/services/pwm/pwm.o

.debug_frame    0x00000000      0xff0
 *(.debug_frame)
 .debug_frame   0x00000000      0x2d4 LiquidCrystal_I2C.o
 .debug_frame   0x000002d4       0x34 main.o
 .debug_frame   0x00000308       0xb4 Motors.o
 .debug_frame   0x000003bc      0x110 src/ASF/xmega/drivers/twi/twim.o
 .debug_frame   0x000004cc       0x58 TMP_36_Xmega.o
 .debug_frame   0x00000524       0x94 src/ASF/common/services/clock/xmega/sysclk.o
 .debug_frame   0x000005b8      0x9b4 src/ASF/xmega/drivers/tc/tc.o
 .debug_frame   0x00000f6c       0x84 src/ASF/xmega/services/pwm/pwm.o

.debug_str      0x00000000    0x2c231
 *(.debug_str)
 .debug_str     0x00000000     0x1aa8 C:/Program Files (x86)/Atmel/Studio/7.0/Packs/atmel/XMEGAA_DFP/1.1.68/gcc/dev/atxmega128a4u/avrxmega7/crtatxmega128a4u.o
 .debug_str     0x00001aa8      0xcfe LiquidCrystal_I2C.o
                                0xe06 (size before relaxing)
 .debug_str     0x000027a6      0x2ac main.o
                                0x5a9 (size before relaxing)
 .debug_str     0x00002a52      0x5a8 Motors.o
                                0x90a (size before relaxing)
 .debug_str     0x00002ffa    0x2692e src/ASF/xmega/drivers/twi/twim.o
                              0x272a0 (size before relaxing)
 .debug_str     0x00029928      0x63d TMP_36_Xmega.o
                                0x98f (size before relaxing)
 .debug_str     0x00029f65      0x33a src/ASF/common/services/sleepmgr/xmega/sleepmgr.o
                              0x26fab (size before relaxing)
 .debug_str     0x0002a29f     0x1612 src/ASF/common/services/clock/xmega/sysclk.o
                              0x283b0 (size before relaxing)
 .debug_str     0x0002b8b1      0x661 src/ASF/xmega/drivers/tc/tc.o
                              0x28c36 (size before relaxing)
 .debug_str     0x0002bf12      0x31f src/ASF/xmega/services/pwm/pwm.o
                              0x28f44 (size before relaxing)

.debug_loc      0x00000000     0x3ff6
 *(.debug_loc)
 .debug_loc     0x00000000     0x1506 LiquidCrystal_I2C.o
 .debug_loc     0x00001506      0x2a7 main.o
 .debug_loc     0x000017ad      0x1c8 Motors.o
 .debug_loc     0x00001975      0x568 src/ASF/xmega/drivers/twi/twim.o
 .debug_loc     0x00001edd      0x237 TMP_36_Xmega.o
 .debug_loc     0x00002114      0x2c5 src/ASF/common/services/clock/xmega/sysclk.o
 .debug_loc     0x000023d9     0x1608 src/ASF/xmega/drivers/tc/tc.o
 .debug_loc     0x000039e1      0x615 src/ASF/xmega/services/pwm/pwm.o

.debug_macinfo
 *(.debug_macinfo)

.debug_weaknames
 *(.debug_weaknames)

.debug_funcnames
 *(.debug_funcnames)

.debug_typenames
 *(.debug_typenames)

.debug_varnames
 *(.debug_varnames)

.debug_pubtypes
 *(.debug_pubtypes)

.debug_ranges   0x00000000      0x358
 *(.debug_ranges)
 .debug_ranges  0x00000000       0xf8 LiquidCrystal_I2C.o
 .debug_ranges  0x000000f8       0x10 main.o
 .debug_ranges  0x00000108       0x38 Motors.o
 .debug_ranges  0x00000140       0x90 src/ASF/xmega/drivers/twi/twim.o
 .debug_ranges  0x000001d0       0x20 TMP_36_Xmega.o
 .debug_ranges  0x000001f0       0x30 src/ASF/common/services/clock/xmega/sysclk.o
 .debug_ranges  0x00000220      0x118 src/ASF/xmega/drivers/tc/tc.o
 .debug_ranges  0x00000338       0x20 src/ASF/xmega/services/pwm/pwm.o

.debug_macro    0x00000000     0x955d
 *(.debug_macro)
 .debug_macro   0x00000000      0x198 src/ASF/xmega/drivers/twi/twim.o
 .debug_macro   0x00000198      0xa90 src/ASF/xmega/drivers/twi/twim.o
 .debug_macro   0x00000c28       0x10 src/ASF/xmega/drivers/twi/twim.o
 .debug_macro   0x00000c38      0x1c9 src/ASF/xmega/drivers/twi/twim.o
 .debug_macro   0x00000e01      0x2fc src/ASF/xmega/drivers/twi/twim.o
 .debug_macro   0x000010fd       0x9e src/ASF/xmega/drivers/twi/twim.o
 .debug_macro   0x0000119b     0x5948 src/ASF/xmega/drivers/twi/twim.o
 .debug_macro   0x00006ae3       0x9a src/ASF/xmega/drivers/twi/twim.o
 .debug_macro   0x00006b7d       0xf1 src/ASF/xmega/drivers/twi/twim.o
 .debug_macro   0x00006c6e       0x34 src/ASF/xmega/drivers/twi/twim.o
 .debug_macro   0x00006ca2       0x16 src/ASF/xmega/drivers/twi/twim.o
 .debug_macro   0x00006cb8       0x18 src/ASF/xmega/drivers/twi/twim.o
 .debug_macro   0x00006cd0       0x5e src/ASF/xmega/drivers/twi/twim.o
 .debug_macro   0x00006d2e       0x10 src/ASF/xmega/drivers/twi/twim.o
 .debug_macro   0x00006d3e       0x22 src/ASF/xmega/drivers/twi/twim.o
 .debug_macro   0x00006d60      0x16d src/ASF/xmega/drivers/twi/twim.o
 .debug_macro   0x00006ecd       0x1c src/ASF/xmega/drivers/twi/twim.o
 .debug_macro   0x00006ee9       0x35 src/ASF/xmega/drivers/twi/twim.o
 .debug_macro   0x00006f1e       0x66 src/ASF/xmega/drivers/twi/twim.o
 .debug_macro   0x00006f84      0x708 src/ASF/xmega/drivers/twi/twim.o
 .debug_macro   0x0000768c       0x96 src/ASF/xmega/drivers/twi/twim.o
 .debug_macro   0x00007722       0x17 src/ASF/xmega/drivers/twi/twim.o
 .debug_macro   0x00007739      0x250 src/ASF/xmega/drivers/twi/twim.o
 .debug_macro   0x00007989       0x76 src/ASF/xmega/drivers/twi/twim.o
 .debug_macro   0x000079ff       0x16 src/ASF/xmega/drivers/twi/twim.o
 .debug_macro   0x00007a15      0x6d9 src/ASF/xmega/drivers/twi/twim.o
 .debug_macro   0x000080ee       0x10 src/ASF/xmega/drivers/twi/twim.o
 .debug_macro   0x000080fe      0x175 src/ASF/xmega/drivers/twi/twim.o
 .debug_macro   0x00008273       0x40 src/ASF/xmega/drivers/twi/twim.o
 .debug_macro   0x000082b3       0x69 src/ASF/xmega/drivers/twi/twim.o
 .debug_macro   0x0000831c       0x31 src/ASF/xmega/drivers/twi/twim.o
 .debug_macro   0x0000834d       0xe4 src/ASF/xmega/drivers/twi/twim.o
 .debug_macro   0x00008431       0x16 src/ASF/xmega/drivers/twi/twim.o
 .debug_macro   0x00008447       0x22 src/ASF/xmega/drivers/twi/twim.o
 .debug_macro   0x00008469       0x10 src/ASF/xmega/drivers/twi/twim.o
 .debug_macro   0x00008479      0x1a3 src/ASF/common/services/sleepmgr/xmega/sleepmgr.o
 .debug_macro   0x0000861c       0x10 src/ASF/common/services/sleepmgr/xmega/sleepmgr.o
 .debug_macro   0x0000862c       0x42 src/ASF/common/services/sleepmgr/xmega/sleepmgr.o
 .debug_macro   0x0000866e      0x1e6 src/ASF/common/services/clock/xmega/sysclk.o
 .debug_macro   0x00008854       0x22 src/ASF/common/services/clock/xmega/sysclk.o
 .debug_macro   0x00008876      0x2d8 src/ASF/common/services/clock/xmega/sysclk.o
 .debug_macro   0x00008b4e       0x64 src/ASF/common/services/clock/xmega/sysclk.o
 .debug_macro   0x00008bb2       0x2f src/ASF/common/services/clock/xmega/sysclk.o
 .debug_macro   0x00008be1      0x154 src/ASF/common/services/clock/xmega/sysclk.o
 .debug_macro   0x00008d35       0x26 src/ASF/common/services/clock/xmega/sysclk.o
 .debug_macro   0x00008d5b      0x230 src/ASF/xmega/drivers/tc/tc.o
 .debug_macro   0x00008f8b      0x302 src/ASF/xmega/drivers/tc/tc.o
 .debug_macro   0x0000928d       0x12 src/ASF/xmega/drivers/tc/tc.o
 .debug_macro   0x0000929f      0x28a src/ASF/xmega/services/pwm/pwm.o
 .debug_macro   0x00009529       0x34 src/ASF/xmega/services/pwm/pwm.o
OUTPUT(Main_Project_Non-RTOS.elf elf32-avr)
LOAD linker stubs
